// Vitest Snapshot v1

exports[`building > should test client 1`] = `
[
  [
    0,
    10,
    0,
  ],
  [
    0,
    10,
    1,
  ],
  [
    0,
    10,
    2,
  ],
  [
    0,
    10,
    3,
  ],
  [
    0,
    10,
    4,
  ],
  [
    0,
    11,
    0,
  ],
  [
    0,
    11,
    1,
  ],
  [
    0,
    11,
    2,
  ],
  [
    0,
    11,
    3,
  ],
  [
    0,
    11,
    4,
  ],
  [
    0,
    12,
    0,
  ],
  [
    0,
    12,
    1,
  ],
  [
    0,
    12,
    2,
  ],
  [
    0,
    12,
    3,
  ],
  [
    0,
    12,
    4,
  ],
  [
    0,
    13,
    0,
  ],
  [
    0,
    13,
    1,
  ],
  [
    0,
    13,
    2,
  ],
  [
    0,
    13,
    3,
  ],
  [
    0,
    13,
    4,
  ],
  [
    0,
    14,
    0,
  ],
  [
    0,
    14,
    1,
  ],
  [
    0,
    14,
    2,
  ],
  [
    0,
    14,
    3,
  ],
  [
    0,
    14,
    4,
  ],
  [
    0,
    15,
    0,
  ],
  [
    0,
    15,
    1,
  ],
  [
    0,
    15,
    2,
  ],
  [
    0,
    15,
    3,
  ],
  [
    0,
    15,
    4,
  ],
  [
    0,
    16,
    0,
  ],
  [
    0,
    16,
    1,
  ],
  [
    0,
    16,
    2,
  ],
  [
    0,
    16,
    3,
  ],
  [
    0,
    16,
    4,
  ],
  [
    0,
    17,
    0,
  ],
  [
    0,
    17,
    1,
  ],
  [
    0,
    17,
    2,
  ],
  [
    0,
    17,
    3,
  ],
  [
    0,
    17,
    4,
  ],
  [
    0,
    18,
    0,
  ],
  [
    0,
    18,
    1,
  ],
  [
    0,
    18,
    2,
  ],
  [
    0,
    18,
    3,
  ],
  [
    0,
    18,
    4,
  ],
  [
    0,
    19,
    0,
  ],
  [
    0,
    19,
    1,
  ],
  [
    0,
    19,
    2,
  ],
  [
    0,
    19,
    3,
  ],
  [
    0,
    19,
    4,
  ],
]
`;

exports[`building should test client 1`] = `
Array [
  Array [
    0,
    10,
    0,
  ],
  Array [
    0,
    10,
    1,
  ],
  Array [
    0,
    10,
    2,
  ],
  Array [
    0,
    10,
    3,
  ],
  Array [
    0,
    10,
    4,
  ],
  Array [
    0,
    11,
    0,
  ],
  Array [
    0,
    11,
    1,
  ],
  Array [
    0,
    11,
    2,
  ],
  Array [
    0,
    11,
    3,
  ],
  Array [
    0,
    11,
    4,
  ],
  Array [
    0,
    12,
    0,
  ],
  Array [
    0,
    12,
    1,
  ],
  Array [
    0,
    12,
    2,
  ],
  Array [
    0,
    12,
    3,
  ],
  Array [
    0,
    12,
    4,
  ],
  Array [
    0,
    13,
    0,
  ],
  Array [
    0,
    13,
    1,
  ],
  Array [
    0,
    13,
    2,
  ],
  Array [
    0,
    13,
    3,
  ],
  Array [
    0,
    13,
    4,
  ],
  Array [
    0,
    14,
    0,
  ],
  Array [
    0,
    14,
    1,
  ],
  Array [
    0,
    14,
    2,
  ],
  Array [
    0,
    14,
    3,
  ],
  Array [
    0,
    14,
    4,
  ],
  Array [
    0,
    15,
    0,
  ],
  Array [
    0,
    15,
    1,
  ],
  Array [
    0,
    15,
    2,
  ],
  Array [
    0,
    15,
    3,
  ],
  Array [
    0,
    15,
    4,
  ],
  Array [
    0,
    16,
    0,
  ],
  Array [
    0,
    16,
    1,
  ],
  Array [
    0,
    16,
    2,
  ],
  Array [
    0,
    16,
    3,
  ],
  Array [
    0,
    16,
    4,
  ],
  Array [
    0,
    17,
    0,
  ],
  Array [
    0,
    17,
    1,
  ],
  Array [
    0,
    17,
    2,
  ],
  Array [
    0,
    17,
    3,
  ],
  Array [
    0,
    17,
    4,
  ],
  Array [
    0,
    18,
    0,
  ],
  Array [
    0,
    18,
    1,
  ],
  Array [
    0,
    18,
    2,
  ],
  Array [
    0,
    18,
    3,
  ],
  Array [
    0,
    18,
    4,
  ],
  Array [
    0,
    19,
    0,
  ],
  Array [
    0,
    19,
    1,
  ],
  Array [
    0,
    19,
    2,
  ],
  Array [
    0,
    19,
    3,
  ],
  Array [
    0,
    19,
    4,
  ],
]
`;
